// Vitest Snapshot v1, https://vitest.dev/guide/snapshot.html

exports[`copy > pins the full copy table 1`] = `
[
  {
    "detail": "Rapid-MLX is probably still running. This page will keep trying.",
    "headline": "Can't reach your Mac",
    "hint": null,
    "kind": "serverUnreachable",
    "placeholder": "Reconnecting…",
    "subtitle": "Reconnecting to your Mac…",
    "tooltip": "Can't reach your Mac right now.",
  },
  {
    "detail": "Choose a model in the sidebar to get started.",
    "headline": "No model chosen",
    "hint": null,
    "kind": "noModel",
    "placeholder": "Choose a model first",
    "subtitle": "Choose a model to start",
    "tooltip": "Choose a model before sending.",
  },
  {
    "detail": "The attached engine has no model loaded.",
    "headline": "No model chosen",
    "hint": null,
    "kind": "noModel",
    "placeholder": "No model loaded on the engine",
    "subtitle": "No model loaded",
    "tooltip": "The attached engine has no model loaded.",
  },
  {
    "detail": "It downloads once (2.4 GB), then starts in seconds.",
    "headline": "qwen3-4b isn't downloaded yet",
    "hint": "First download is about 2.4 GB.",
    "kind": "needsDownload",
    "placeholder": "Download qwen3-4b first",
    "subtitle": "Download qwen3-4b to start",
    "tooltip": "Download qwen3-4b before sending.",
  },
  {
    "detail": "It downloads once, then starts in seconds.",
    "headline": "qwen3-4b isn't downloaded yet",
    "hint": null,
    "kind": "needsDownload",
    "placeholder": "Download qwen3-4b first",
    "subtitle": "Download qwen3-4b to start",
    "tooltip": "Download qwen3-4b before sending.",
  },
  {
    "detail": "It's already downloaded — starting takes a few seconds.",
    "headline": "qwen3-4b isn't running",
    "hint": null,
    "kind": "needsStart",
    "placeholder": "Start qwen3-4b first",
    "subtitle": "Start qwen3-4b to begin",
    "tooltip": "Start qwen3-4b before sending.",
  },
  {
    "detail": "Rapid doesn't know this one, so it can't say whether it's already on your Mac.",
    "headline": "org/custom isn't running",
    "hint": null,
    "kind": "unknownModel",
    "placeholder": "Start org/custom first",
    "subtitle": "Start org/custom to begin",
    "tooltip": "Start org/custom before sending.",
  },
  {
    "detail": "1.1 GB of 2.4 GB",
    "headline": "Downloading qwen3-4b",
    "hint": "1.1 GB of 2.4 GB",
    "kind": "downloading",
    "placeholder": "Downloading qwen3-4b…",
    "subtitle": "Downloading your local model…",
    "tooltip": "qwen3-4b is still downloading.",
  },
  {
    "detail": "Starting the download…",
    "headline": "Downloading qwen3-4b",
    "hint": null,
    "kind": "downloading",
    "placeholder": "Downloading qwen3-4b…",
    "subtitle": "Downloading your local model…",
    "tooltip": "qwen3-4b is still downloading.",
  },
  {
    "detail": "Loading the model into memory…",
    "headline": "Starting qwen3-4b",
    "hint": null,
    "kind": "starting",
    "placeholder": "Starting qwen3-4b…",
    "subtitle": "Preparing your local model…",
    "tooltip": "qwen3-4b is still starting.",
  },
  {
    "detail": null,
    "headline": "Ready — qwen3-4b",
    "hint": null,
    "kind": "ready",
    "placeholder": "Message",
    "subtitle": "Chatting with qwen3-4b",
    "tooltip": "Send",
  },
  {
    "detail": "out of memory",
    "headline": "Couldn't start qwen3-4b",
    "hint": "out of memory",
    "kind": "failed",
    "placeholder": "Retry to continue",
    "subtitle": "Couldn't start qwen3-4b",
    "tooltip": "qwen3-4b isn't running — retry to continue.",
  },
  {
    "detail": "unknown",
    "headline": "Something went wrong",
    "hint": "unknown",
    "kind": "failed",
    "placeholder": "Retry to continue",
    "subtitle": "Something went wrong",
    "tooltip": "Not ready to send yet.",
  },
]
`;
